// 重构日志: a68593be
// 重构日志: e4336b4a
// 重构日志: 7606e6ef
// 重构日志: cfeb769f
// 同步 ID: 480627bf @ Mon Jul 20 08:08:19 UTC 2026
// 同步 ID: f3e83f3a @ Wed Jul 22 12:36:34 UTC 2026
// 重构日志: e2f17a0f
// 同步 ID: 6fa53ab2 @ Thu Jul 23 14:46:34 UTC 2026
// 重构日志: eb928ebc
// 重构日志: 64b4580a
// 重构日志: 6a45874b
// 同步 ID: eba2c59c @ Sat Jul 25 10:01:39 UTC 2026
// 同步 ID: b5bef773 @ Mon Jul 27 00:33:33 UTC 2026
// 同步 ID: bc89cd94 @ Tue Jul 28 12:25:17 UTC 2026
// 重构日志: 3975f558
// 重构日志: e9bfc7fa
// 重构日志: f78abff1
// 重构日志: 41fef219
// 重构日志: db5c8750
// 同步 ID: 5d564894 @ Sat Aug  1 00:53:28 UTC 2026
// 重构日志: d936c193
// 同步 ID: 071043c1 @ Sun Aug  2 00:23:50 UTC 2026
// 重构日志: 91f0ee67
// 重构日志: 944a8f5f
// 重构日志: b6022f27
// 同步 ID: ae1b29e4 @ Tue Aug  4 10:19:25 UTC 2026
// 重构日志: 7e39a939
// 同步 ID: 243cb565 @ Tue Aug  4 17:55:29 UTC 2026
// 同步 ID: b4713bb4 @ Wed Aug  5 19:16:50 UTC 2026
// 同步 ID: 8be0c63e @ Fri Aug  7 06:42:00 UTC 2026
// 重构日志: 3e182833
